// Jest Snapshot v1, https://goo.gl/fbAQLP

exports[`ðŸ“¸ of Form component with empty 1`] = `
<div>
  <form
    class="items-center"
  >
    <input
      aria-label="Search"
      class="inline-block w-1/2 pr-3 py-2 border border-gray-300 rounded-md leading-5 bg-white placeholder-gray-500 focus:outline-none focus:placeholder-gray-400 focus:ring-1 focus:ring-indigo-500 focus:border-indigo-500 sm:text-sm"
      id="search2"
      name="search"
      placeholder="GDP data..."
      type="search"
    />
    <button
      class="inline-block text-sm px-4 py-3 mx-3 leading-none border rounded text-white bg-black border-black lg:mt-0"
      type="button"
    >
      Search
    </button>
  </form>
</div>
`;

exports[`ðŸ“¸ of Form component with query 1`] = `
<div>
  <form
    class="items-center"
  >
    <input
      aria-label="Search"
      class="inline-block w-1/2 pr-3 py-2 border border-gray-300 rounded-md leading-5 bg-white placeholder-gray-500 focus:outline-none focus:placeholder-gray-400 focus:ring-1 focus:ring-indigo-500 focus:border-indigo-500 sm:text-sm"
      id="search2"
      name="search"
      placeholder="GDP data..."
      type="search"
    />
    <button
      class="inline-block text-sm px-4 py-3 mx-3 leading-none border rounded text-white bg-black border-black lg:mt-0"
      type="button"
    >
      Search
    </button>
  </form>
</div>
`;
